// Jest Snapshot v1, https://goo.gl/fbAQLP

exports[`alwaysBuild force builds computes 1`] = `"{\\"it\\":\\"works\\"}"`;
